\BOOKMARK [0][-]{chapter.1}{\376\377\000I\000n\000t\000r\000o\000d\000u\000c\000t\000i\000o\000n}{}% 1
\BOOKMARK [0][-]{chapter.2}{\376\377\000L\000i\000t\000e\000r\000a\000t\000u\000r\000e\000\040\000R\000e\000v\000i\000e\000w\000\040\000\050\000R\000e\000c\000a\000p\000\051}{}% 2
\BOOKMARK [0][-]{chapter.3}{\376\377\000P\000r\000o\000b\000l\000e\000m\000\040\000S\000t\000a\000t\000e\000m\000e\000n\000t}{}% 3
\BOOKMARK [1][-]{section.3.1}{\376\377\000C\000o\000n\000t\000e\000x\000t}{chapter.3}% 4
\BOOKMARK [1][-]{section.3.2}{\376\377\000G\000a\000p}{chapter.3}% 5
\BOOKMARK [1][-]{section.3.3}{\376\377\000S\000o\000l\000u\000t\000i\000o\000n}{chapter.3}% 6
\BOOKMARK [0][-]{chapter.4}{\376\377\000R\000e\000s\000e\000a\000r\000c\000h\000\040\000Q\000u\000e\000s\000t\000i\000o\000n\000s}{}% 7
\BOOKMARK [0][-]{chapter.5}{\376\377\000R\000e\000v\000i\000e\000w\000\040\000O\000b\000j\000e\000c\000t\000i\000v\000e\000s}{}% 8
\BOOKMARK [1][-]{section.5.1}{\376\377\000O\000b\000j\000e\000c\000t\000i\000v\000e\000\040\0001\000\040\000\050\000A\000d\000d\000r\000e\000s\000s\000e\000s\000\040\000R\000Q\0001\000\051}{chapter.5}% 9
\BOOKMARK [1][-]{section.5.2}{\376\377\000O\000b\000j\000e\000c\000t\000i\000v\000e\000\040\0002\000\040\000\050\000A\000d\000d\000r\000e\000s\000s\000e\000s\000\040\000R\000Q\0002\000\051}{chapter.5}% 10
\BOOKMARK [1][-]{section.5.3}{\376\377\000O\000b\000j\000e\000c\000t\000i\000v\000e\000\040\0003\000\040\000\050\000A\000d\000d\000r\000e\000s\000s\000e\000s\000\040\000R\000Q\0003\000\051}{chapter.5}% 11
\BOOKMARK [1][-]{section.5.4}{\376\377\000O\000b\000j\000e\000c\000t\000i\000v\000e\000\040\0004\000\040\000\050\000A\000d\000d\000r\000e\000s\000s\000e\000s\000\040\000R\000Q\0004\000\051}{chapter.5}% 12
\BOOKMARK [0][-]{chapter.6}{\376\377\000R\000e\000s\000e\000a\000r\000c\000h\000\040\000M\000e\000t\000h\000o\000d\000o\000l\000o\000g\000y}{}% 13
\BOOKMARK [1][-]{section.6.1}{\376\377\000R\000e\000s\000e\000a\000r\000c\000h\000\040\000D\000e\000s\000i\000g\000n}{chapter.6}% 14
\BOOKMARK [1][-]{section.6.2}{\376\377\000T\000e\000c\000h\000n\000i\000c\000a\000l\000\040\000A\000p\000p\000r\000o\000a\000c\000h}{chapter.6}% 15
\BOOKMARK [1][-]{section.6.3}{\376\377\000D\000a\000t\000a\000\040\000T\000o\000o\000l\000s}{chapter.6}% 16
\BOOKMARK [1][-]{section.6.4}{\376\377\000E\000v\000a\000l\000u\000a\000t\000i\000o\000n\000\040\000C\000r\000i\000t\000e\000r\000i\000a}{chapter.6}% 17
\BOOKMARK [2][-]{subsection.6.4.1}{\376\377\000A\000s\000s\000u\000m\000p\000t\000i\000o\000n\000s\000\040\000\046\000\040\000D\000e\000p\000e\000n\000d\000e\000n\000c\000i\000e\000s}{section.6.4}% 18
\BOOKMARK [0][-]{chapter.7}{\376\377\000E\000x\000p\000e\000c\000t\000e\000d\000\040\000O\000u\000t\000c\000o\000m\000e\000s}{}% 19
\BOOKMARK [0][-]{chapter.8}{\376\377\000P\000r\000o\000j\000e\000c\000t\000\040\000T\000i\000m\000e\000l\000i\000n\000e}{}% 20
\BOOKMARK [1][-]{section*.5}{\376\377\000R\000e\000f\000e\000r\000e\000n\000c\000e\000s}{chapter.8}% 21
